// Jest Snapshot v1, https://goo.gl/fbAQLP

exports[`App container test renders as expected 1`] = `
<BrowserRouter>
  <Component
    match={
      Object {
        "isExact": false,
        "params": Object {},
        "path": "/multicloud",
        "url": "/multicloud",
      }
    }
    staticContext={
      Object {
        "context": Object {
          "locale": "en",
        },
        "title": "IBM Multicloud Manager",
        "xsrfToken": "tXcZ8lkN-bDcRaa7cJmmIMX5EmsmJ_vI_YnU",
      }
    }
  />
</BrowserRouter>
`;
