// Jest Snapshot v1, https://goo.gl/fbAQLP

exports[`GrcCardsModule collapseClick collapseClick collapse as expected 1`] = `"card=false"`;

exports[`GrcCardsModule collapseClick collapseClick collapse as expected 2`] = `"card=true"`;

exports[`GrcCardsModule collapseClick collapseClick expand as expected 1`] = `"card=false"`;

exports[`GrcCardsModule collapseClick getPolicyCardChoices as expected 1`] = `
Array [
  Object {
    "label": "Categories",
    "value": "categories",
  },
  Object {
    "label": "Standards",
    "value": "standards",
  },
]
`;

exports[`GrcCardsModule collapseClick getPolicyCardChoices as expected 2`] = `
Array [
  Object {
    "label": "Categories",
    "value": "categories",
  },
  Object {
    "label": "Standards",
    "value": "standards",
  },
]
`;

exports[`GrcCardsModule collapseClick onChange as expected 1`] = `undefined`;

exports[`GrcCardsModule collapseClick onChange as expected 2`] = `undefined`;

exports[`GrcCardsModule findings page categories view renders collapse as expected 1`] = `ShallowWrapper {}`;

exports[`GrcCardsModule findings page categories view renders expand as expected 1`] = `ShallowWrapper {}`;

exports[`GrcCardsModule findings page standards view renders collapse as expected 1`] = `ShallowWrapper {}`;

exports[`GrcCardsModule findings page standards view renders expand as expected 1`] = `ShallowWrapper {}`;

exports[`GrcCardsModule policies page categories view renders collapse as expected 1`] = `ShallowWrapper {}`;

exports[`GrcCardsModule policies page categories view renders expand as expected 1`] = `ShallowWrapper {}`;

exports[`GrcCardsModule policies page standards view renders collapse as expected 1`] = `ShallowWrapper {}`;

exports[`GrcCardsModule policies page standards view renders expand as expected 1`] = `ShallowWrapper {}`;
