// Jest Snapshot v1, https://goo.gl/fbAQLP

exports[`PolicySummaryModule view renders as expected 1`] = `
<div
  className="module-policy-summary"
>
  <div
    className="card-container-container"
  >
    <div
      className="card-title"
    >
      Policy summary
    </div>
    <div
      className="card-container"
    >
      <div
        className="card-content"
      >
        <div
          className="card-inner-content"
        >
          <div
            className="card-count-type"
          >
            <div
              className="card-count"
            >
              3
            </div>
            <div
              className="card-type"
            >
              <div>
                STANDARDS
              </div>
            </div>
          </div>
          <div
            className="card-count-type"
          >
            <div
              className="card-count"
            >
              3
            </div>
            <div
              className="card-type"
            >
              <div>
                CATEGORIES
              </div>
            </div>
          </div>
          <div
            className="card-count-type"
          >
            <div
              className="card-count"
            >
              3
            </div>
            <div
              className="card-type"
            >
              <div>
                POLICIES
              </div>
            </div>
          </div>
          <div
            className="card-count-type"
          >
            <div
              className="card-count"
            >
              3
            </div>
            <div
              className="card-type"
            >
              <div>
                CONTROLS
              </div>
            </div>
          </div>
        </div>
      </div>
    </div>
  </div>
</div>
`;
