// Jest Snapshot v1, https://goo.gl/fbAQLP

exports[`RecentActivityModule view renders as expected 1`] = `
<div
  className="module-recent-activity"
>
  <div
    className="card-container-container"
  >
    <div
      className="card-container"
    >
      <div
        className="card-content"
      >
        <div
          className="card-inner-content"
        >
          <div
            className="card-title"
          >
            Recent activity
          </div>
          <div
            className="card-count-type"
            onClick={[Function]}
            onKeyPress={[Function]}
            role="button"
            tabIndex="0"
          >
            <div
              className="card-count alert"
            >
              3
            </div>
            <div
              className="card-type"
            >
              <div>
                POLICY
              </div>
              <div>
                VIOLATIONS
              </div>
            </div>
          </div>
          <div
            className="card-count-type hasBorder"
            onClick={[Function]}
            onKeyPress={[Function]}
            role="button"
            tabIndex="0"
          >
            <div
              className="card-count alert"
            >
              2
            </div>
            <div
              className="card-type"
            >
              <div>
                CLUSTER
              </div>
              <div>
                VIOLATIONS
              </div>
            </div>
          </div>
          <div
            className="card-count-type"
            onClick={[Function]}
            onKeyPress={[Function]}
            role="button"
            tabIndex="0"
          >
            <div
              className="card-count-container"
            >
              <svg
                className="card-count-pie"
              >
                <g>
                  <path
                    d="M9.18485099360515e-16,-15A15,15,0,0,1,14.623918682727354,-3.337814009344716L8.774351209636412,-2.0026884056068295A9,9,0,0,0,5.51091059616309e-16,-9Z"
                    fill="#E62325"
                  />
                  <path
                    d="M12.674062858363706,-2.8927721414320873A13,13,0,1,1,-2.3880612583373385e-15,-13L-2.0206672185931327e-15,-11A11,11,0,1,0,10.72420703400006,-2.447730273519458Z"
                    fill="#DFE3E6"
                  />
                </g>
              </svg>
              <div
                className="card-count alert"
              >
                3
              </div>
            </div>
            <div
              className="card-type"
            >
              <div>
                {0} SEVERITY
              </div>
              <div>
                FINDINGS
              </div>
            </div>
          </div>
          <div
            className="card-count-type"
            onClick={[Function]}
            onKeyPress={[Function]}
            role="button"
            tabIndex="0"
          >
            <div
              className="card-count-container"
            >
              <svg
                className="card-count-pie"
              >
                <g>
                  <path
                    d="M9.18485099360515e-16,-15A15,15,0,0,1,7.37599386968406,13.061191156796655L4.425596321810437,7.836714694077993A9,9,0,0,0,5.51091059616309e-16,-9Z"
                    fill="#FEC233"
                  />
                  <path
                    d="M6.392528020392852,11.319699002557101A13,13,0,1,1,-2.3880612583373385e-15,-13L-2.0206672185931327e-15,-11A11,11,0,1,0,5.4090621711016444,9.578206848317548Z"
                    fill="#DFE3E6"
                  />
                </g>
              </svg>
              <div
                className="card-count"
              >
                23
              </div>
            </div>
            <div
              className="card-type"
            >
              <div>
                {0} SEVERITY
              </div>
              <div>
                FINDINGS
              </div>
            </div>
          </div>
          <div
            className="card-count-type"
            onClick={[Function]}
            onKeyPress={[Function]}
            role="button"
            tabIndex="0"
          >
            <div
              className="card-count-container"
            >
              <svg
                className="card-count-pie"
              >
                <g>
                  <path
                    d="M9.18485099360515e-16,-15A15,15,0,0,1,14.9178284305241,1.5679269490148042L8.950697058314459,0.9407561694088825A9,9,0,0,0,5.51091059616309e-16,-9Z"
                    fill="#A0A0A0"
                  />
                  <path
                    d="M12.928784639787553,1.358870022479497A13,13,0,1,1,-2.3880612583373385e-15,-13L-2.0206672185931327e-15,-11A11,11,0,1,0,10.939740849051006,1.1498130959441897Z"
                    fill="#DFE3E6"
                  />
                </g>
              </svg>
              <div
                className="card-count"
              >
                28
              </div>
            </div>
            <div
              className="card-type"
            >
              <div>
                {0} SEVERITY
              </div>
              <div>
                FINDINGS
              </div>
            </div>
          </div>
        </div>
      </div>
    </div>
  </div>
</div>
`;
